// Jest Snapshot v1, https://goo.gl/fbAQLP

exports[`Profile renders the component 1`] = `
<div class="ProfilCardDesign">
  <div class="basicContainer">
    <div class="container">
      <div class="row">
        <div><img class="profile-picture" alt="profile-picture"></div>
        <div class="text-center">
          <h1 class="overflow" style="max-width: 200px;">test</h1>
        </div>
        <div class="col-12 overflow"><span>Description</span><br>
          <p class="description">Lorem ipsum dolor sit amet, consectetur adipiscing elit. Sed et commodo justo.</p>
        </div>
      </div>
      <!--v-if-->
      <div class="row">
        <div class="row">
          <div class="col-5 offset-1"><span>Commentaires</span><br>
            <p></p>
          </div>
          <div class="col-3 offset-2"><span>J'aime</span><br>
            <p></p>
          </div>
        </div>
        <!--v-if-->
        <!--v-if-->
        <div class="col-12"><span>Km total</span><br>
          <p></p>
        </div>
      </div>
      <div class="col-12 my-2"><button>Editer le profil</button></div>
      <div class="col-12 my-2"><button>DÃ©connexion</button></div>
      <div class="col-12 mt-2"><button>Supprimer le compte</button></div>
    </div>
  </div>
</div>
`;
